// Jest Snapshot v1, https://goo.gl/fbAQLP

exports[`QuoterV2 quotes #quoteExactInput 0 -> 2 -> 1 1`] = `365397`;

exports[`QuoterV2 quotes #quoteExactInput 0 -> 2 cross 0 tick, starting tick initialized 1`] = `169756`;

exports[`QuoterV2 quotes #quoteExactInput 0 -> 2 cross 0 tick, starting tick not initialized 1`] = `134490`;

exports[`QuoterV2 quotes #quoteExactInput 0 -> 2 cross 1 tick 1`] = `194495`;

exports[`QuoterV2 quotes #quoteExactInput 0 -> 2 cross 2 tick 1`] = `240899`;

exports[`QuoterV2 quotes #quoteExactInput 0 -> 2 cross 2 tick where after is initialized 1`] = `194533`;

exports[`QuoterV2 quotes #quoteExactInput 2 -> 0 cross 0 tick, starting tick initialized 1`] = `127327`;

exports[`QuoterV2 quotes #quoteExactInput 2 -> 0 cross 0 tick, starting tick not initialized 1`] = `123427`;

exports[`QuoterV2 quotes #quoteExactInput 2 -> 0 cross 2 1`] = `229653`;

exports[`QuoterV2 quotes #quoteExactInput 2 -> 0 cross 2 where tick after is initialized 1`] = `229661`;

exports[`QuoterV2 quotes #quoteExactInput 2 -> 1 1`] = `127002`;

exports[`QuoterV2 quotes #quoteExactInputSingle 0 -> 2 1`] = `240881`;

exports[`QuoterV2 quotes #quoteExactInputSingle 2 -> 0 1`] = `229625`;

exports[`QuoterV2 quotes #quoteExactOutput 0 -> 2 -> 1 1`] = `364997`;

exports[`QuoterV2 quotes #quoteExactOutput 0 -> 2 cross 0 tick starting tick initialized 1`] = `169275`;

exports[`QuoterV2 quotes #quoteExactOutput 0 -> 2 cross 0 tick starting tick not initialized 1`] = `134029`;

exports[`QuoterV2 quotes #quoteExactOutput 0 -> 2 cross 1 tick 1`] = `193745`;

exports[`QuoterV2 quotes #quoteExactOutput 0 -> 2 cross 2 tick 1`] = `239905`;

exports[`QuoterV2 quotes #quoteExactOutput 0 -> 2 cross 2 where tick after is initialized 1`] = `193783`;

exports[`QuoterV2 quotes #quoteExactOutput 2 -> 0 cross 1 tick 1`] = `183694`;

exports[`QuoterV2 quotes #quoteExactOutput 2 -> 0 cross 2 ticks 1`] = `229759`;

exports[`QuoterV2 quotes #quoteExactOutput 2 -> 0 cross 2 where tick after is initialized 1`] = `229753`;

exports[`QuoterV2 quotes #quoteExactOutput 2 -> 1 1`] = `127579`;

exports[`QuoterV2 quotes #quoteExactOutputSingle 0 -> 1 1`] = `138710`;

exports[`QuoterV2 quotes #quoteExactOutputSingle 1 -> 0 1`] = `128184`;
