// Jest Snapshot v1, https://goo.gl/fbAQLP

exports[`QuoterV2 quotes #quoteExactInput 0 -> 2 -> 1 1`] = `365617`;

exports[`QuoterV2 quotes #quoteExactInput 0 -> 2 cross 0 tick, starting tick initialized 1`] = `169844`;

exports[`QuoterV2 quotes #quoteExactInput 0 -> 2 cross 0 tick, starting tick not initialized 1`] = `134578`;

exports[`QuoterV2 quotes #quoteExactInput 0 -> 2 cross 1 tick 1`] = `194627`;

exports[`QuoterV2 quotes #quoteExactInput 0 -> 2 cross 2 tick 1`] = `241075`;

exports[`QuoterV2 quotes #quoteExactInput 0 -> 2 cross 2 tick where after is initialized 1`] = `194665`;

exports[`QuoterV2 quotes #quoteExactInput 2 -> 0 cross 0 tick, starting tick initialized 1`] = `127371`;

exports[`QuoterV2 quotes #quoteExactInput 2 -> 0 cross 0 tick, starting tick not initialized 1`] = `123471`;

exports[`QuoterV2 quotes #quoteExactInput 2 -> 0 cross 2 1`] = `229785`;

exports[`QuoterV2 quotes #quoteExactInput 2 -> 0 cross 2 where tick after is initialized 1`] = `229793`;

exports[`QuoterV2 quotes #quoteExactInput 2 -> 1 1`] = `127046`;

exports[`QuoterV2 quotes #quoteExactInputSingle 0 -> 2 1`] = `241057`;

exports[`QuoterV2 quotes #quoteExactInputSingle 2 -> 0 1`] = `229757`;

exports[`QuoterV2 quotes #quoteExactOutput 0 -> 2 -> 1 1`] = `365217`;

exports[`QuoterV2 quotes #quoteExactOutput 0 -> 2 cross 0 tick starting tick initialized 1`] = `169363`;

exports[`QuoterV2 quotes #quoteExactOutput 0 -> 2 cross 0 tick starting tick not initialized 1`] = `134117`;

exports[`QuoterV2 quotes #quoteExactOutput 0 -> 2 cross 1 tick 1`] = `193877`;

exports[`QuoterV2 quotes #quoteExactOutput 0 -> 2 cross 2 tick 1`] = `240081`;

exports[`QuoterV2 quotes #quoteExactOutput 0 -> 2 cross 2 where tick after is initialized 1`] = `193915`;

exports[`QuoterV2 quotes #quoteExactOutput 2 -> 0 cross 1 tick 1`] = `183782`;

exports[`QuoterV2 quotes #quoteExactOutput 2 -> 0 cross 2 ticks 1`] = `229891`;

exports[`QuoterV2 quotes #quoteExactOutput 2 -> 0 cross 2 where tick after is initialized 1`] = `229885`;

exports[`QuoterV2 quotes #quoteExactOutput 2 -> 1 1`] = `127623`;

exports[`QuoterV2 quotes #quoteExactOutputSingle 0 -> 1 1`] = `138798`;

exports[`QuoterV2 quotes #quoteExactOutputSingle 1 -> 0 1`] = `128228`;
